// Jest Snapshot v1, https://goo.gl/fbAQLP

exports[`components > Tabs > TabNavigation renders without crashing 1`] = `
<Nav
  tabs={true}
  tag="ul"
  vertical={false}
>
  <NavItem
    tag="li"
  >
    <NavLink
      className="active"
      onClick={[Function]}
      tag="a"
    >
      PreICO
    </NavLink>
  </NavItem>
  <NavItem
    tag="li"
  >
    <NavLink
      className=""
      onClick={[Function]}
      tag="a"
    >
      ICO
    </NavLink>
  </NavItem>
</Nav>
`;
